Γû▓ Next.js 16.1.6 (Turbopack)
- Environments: .env

  Creating an optimized production build ...
Γ£ô Compiled successfully in 3.4s
  Running TypeScript ...
  Collecting page data using 15 workers ...
  Generating static pages using 15 workers (0/47) ...
  Generating static pages using 15 workers (11/47) 
  Generating static pages using 15 workers (23/47) 
  Generating static pages using 15 workers (35/47) 
Γ£ô Generating static pages using 15 workers (47/47) in 768.9ms
  Finalizing page optimization ...

Route (app)
Γöî Γùï /
Γö£ Γùï /_not-found
Γö£ Γùï /about
Γö£ Γùï /activity
Γö£ ╞Æ /api/activity
Γö£ ╞Æ /api/auth/forgot-password
Γö£ ╞Æ /api/auth/login
Γö£ ╞Æ /api/auth/logout
Γö£ ╞Æ /api/auth/me
Γö£ ╞Æ /api/auth/reset-password
Γö£ ╞Æ /api/auth/signup
Γö£ ╞Æ /api/auth/update-key
Γö£ ╞Æ /api/auth/verify-otp
Γö£ ╞Æ /api/events
Γö£ ╞Æ /api/follow
Γö£ ╞Æ /api/follow/list
Γö£ ╞Æ /api/messages
Γö£ ╞Æ /api/messages/[conversationId]
Γö£ ╞Æ /api/messages/[conversationId]/poll
Γö£ ╞Æ /api/messages/[conversationId]/typing
Γö£ ╞Æ /api/notifications
Γö£ ╞Æ /api/posts
Γö£ ╞Æ /api/posts/[id]
Γö£ ╞Æ /api/posts/[id]/comments
Γö£ ╞Æ /api/posts/[id]/like
Γö£ ╞Æ /api/posts/[id]/save
Γö£ ╞Æ /api/posts/reels
Γö£ ╞Æ /api/posts/saved
Γö£ ╞Æ /api/profile/[username]
Γö£ ╞Æ /api/profile/edit
Γö£ ╞Æ /api/search
Γö£ ╞Æ /api/settings/privacy
Γö£ ╞Æ /api/stories
Γö£ ╞Æ /api/test-db
Γö£ ╞Æ /api/upload
Γö£ ╞Æ /api/users/[username]/public-key
Γö£ ╞Æ /api/users/suggested
Γö£ Γùï /create-post
Γö£ Γùï /edit-profile
Γö£ Γùï /events
Γö£ Γùï /explore
Γö£ Γùï /forgot-password
Γö£ Γùï /help
Γö£ Γùï /login
Γö£ Γùï /messages
Γö£ Γùï /notifications
Γö£ ╞Æ /post/[id]
Γö£ Γùï /privacy
Γö£ Γùï /profile
Γö£ ╞Æ /profile/[username]
Γö£ Γùï /reels
Γö£ Γùï /saved
Γö£ Γùï /settings
Γö£ Γùï /signup
Γö£ Γùï /terms
Γöö Γùï /verification


╞Æ Proxy (Middleware)

Γùï  (Static)   prerendered as static content
╞Æ  (Dynamic)  server-rendered on demand

